[autotrade.id/index.html]
[autotrade.id/xmlrpc.php]
[backblue.gif]
[fade.gif]
[index.html]
[autotrade.id/wp-includes/css/dist/block-library/style.min5697.css]
[use.fontawesome.com/releases/v5.12.0/css/brands5697.css]
[use.fontawesome.com/releases/v5.12.0/css/fontawesome5697.css]
[autotrade.id/wp-content/themes/Divi/style1dc6.css]
[autotrade.id/wp-includes/css/dashicons.min5697.css]
[autotrade.id/wp-includes/js/jquery/jquery4a5f.js]
[autotrade.id/feed/index.html]
[autotrade.id/wp-content/themes/Divi/core/admin/js/es6-promise.auto.min5697.js]
[autotrade.id/comments/feed/index.html]
[autotrade.id/wp-content/themes/Divi/core/admin/js/recaptcha5697.js]
[autotrade.id/wp-json/wp/v2/pages/33.json]
[autotrade.id/wp-json/index.html]
[autotrade.id/xmlrpc0db0.php]
[autotrade.id/wp-includes/wlwmanifest.xml]
[autotrade.id/wp-json/oembed/1.0/embedc452.json]
[autotrade.id/wp-json/oembed/1.0/embede4bb]
[cdnjs.cloudflare.com/ajax/libs/font-awesome/5.15.1/css/all.min.css]
[autotrade.id/wp-content/et-cache/33/et-core-unified-tb-321-tb-378-33-1605526567736.min.css]
[autotrade.id/wp-content/et-cache/33/et-core-unified-33-1605526567736.min.css]
[autotrade.id/wp-content/uploads/2020/10/logo-autotrade-gold-forex-trading-new.png]
[autotrade.id/wp-content/uploads/2020/10/AUTO-TRADE-GOLD.png]
[autotrade.id/wp-content/uploads/2020/10/forex-tim-profit.png]
[autotrade.id/wp-content/uploads/2020/10/Icon-Transaksi-Cepat.png]
[autotrade.id/wp-content/uploads/2020/10/Icon-Broker.png]
[autotrade.id/wp-content/uploads/2020/10/Icon-Deposit-Cepat.png]
[autotrade.id/wp-content/uploads/2020/10/Icon-Manajemen-Risiko.png]
[autotrade.id/wp-content/uploads/2020/10/Icon-Bebas-Biaya-Bulanan-1.png]
[autotrade.id/wp-content/uploads/2020/10/Icon-Tanpa-Batas-Withdraw.png]
[autotrade.id/wp-content/uploads/2020/10/bg-module-link.png]
[autotrade.id/wp-content/themes/Divi/js/custom.unified1dc6.js]
[autotrade.id/wp-content/themes/Divi/core/admin/js/common1dc6.js]
[autotrade.id/verifikasi-akun/index.html]
[autotrade.id/pendaftaran/index.html]
[autotrade.id/wp-includes/js/wp-embed.min5697.js]
[autotrade.id/index.html]
[autotrade.id/xmlrpc.php]
[autotrade.id/wp-includes/css/dist/block-library/style.min5697.css]
[use.fontawesome.com/releases/v5.12.0/css/brands5697.css]
[use.fontawesome.com/releases/v5.12.0/css/fontawesome5697.css]
[autotrade.id/wp-content/themes/Divi/core/admin/fonts/modules.eot]
[autotrade.id/wp-content/themes/Divi/core/admin/fonts/modulesd41d.eot]
[autotrade.id/counter/index.html]
[autotrade.id/wp-content/themes/Divi/core/admin/fonts/modules.ttf]
[autotrade.id/daftar-akun-trading-gold/index.html]
[autotrade.id/wp-content/themes/Divi/core/admin/fonts/modules.woff]
[autotrade.id/cara-membeli-bot-trading-gold/index.html]
[autotrade.id/wp-content/themes/Divi/core/admin/fonts/modules.svg]
[autotrade.id/wp-content/themes/Divi/includes/builder/styles/images/subscribe-loader.gif]
[autotrade.id/wp-content/themes/Divi/includes/builder/styles/images/preloader.gif]
[autotrade.id/wp-content/themes/Divi/epanel/shortcodes/images/shortcodes-sprite.png]
[autotrade.id/wp-content/themes/Divi/style1dc6.css]
[autotrade.id/wp-includes/fonts/dashicons7d4b.eot]
[autotrade.id/wp-includes/css/dashicons.min5697.css]
[autotrade.id/wp-includes/fonts/dashicons7d4b.ttf]
[cdnjs.cloudflare.com/ajax/libs/font-awesome/5.15.1/css/all.min.css]
[autotrade.id/wp-content/et-cache/33/et-core-unified-tb-321-tb-378-33-1605526567736.min.css]
[autotrade.id/wp-content/et-cache/33/et-core-unified-33-1605526567736.min.css]
[autotrade.id/wp-json/wp/v2/pages/468.json]
[autotrade.id/wp-json/oembed/1.0/embedaf8f.json]
[autotrade.id/wp-json/oembed/1.0/embed127f]
[autotrade.id/wp-content/et-cache/468/et-core-unified-tb-321-tb-378-468-16054525587763.min.css]
[autotrade.id/wp-content/et-cache/468/et-core-unified-468-16054525587763.min.css]
[autotrade.id/wp-content/uploads/2020/10/Pantheratrade-Pendaftaran.jpg]
[autotrade.id/wp-content/uploads/2020/10/verifikasi-panthera-trade.jpg]
[autotrade.id/wp-content/uploads/2020/10/verfikasi-kode-panthera.jpg]
[autotrade.id/wp-content/uploads/2020/10/verifikasi-panthera-trade-1.jpg]
[autotrade.id/wp-content/uploads/2020/10/pendaftaran-sukses-panthera-trade.jpg]
[autotrade.id/pendaftaran/index.html]
[autotrade.id/wp-json/wp/v2/pages/485.json]
[autotrade.id/wp-json/oembed/1.0/embedb0d0.json]
[autotrade.id/wp-json/oembed/1.0/embeddbaa]
[autotrade.id/wp-content/et-cache/485/et-core-unified-tb-321-tb-378-485-16055605556948.min.css]
[autotrade.id/wp-content/et-cache/485/et-core-unified-485-16055605556948.min.css]
[autotrade.id/wp-content/uploads/2020/10/verfikasi-akun-panthera-trade-1.jpg]
[autotrade.id/wp-content/uploads/2020/10/verfikasi-akun-panthera-trade-2.jpg]
[autotrade.id/wp-content/uploads/2020/10/verfikasi-akun-panthera-trade-3.jpg]
[autotrade.id/wp-content/uploads/2020/10/verfikasi-akun-panthera-trade-4.jpg]
[autotrade.id/verifikasi-akun/index.html]
[autotrade.id/wp-json/wp/v2/pages/496.json]
[autotrade.id/wp-json/oembed/1.0/embedf6d4.json]
[autotrade.id/wp-json/oembed/1.0/embed26c4]
[autotrade.id/wp-content/et-cache/496/et-core-unified-tb-321-tb-378-496-16055978564446.min.css]
[autotrade.id/wp-content/et-cache/496/et-core-unified-496-16055978564446.min.css]
[autotrade.id/wp-content/uploads/2020/10/cara-daftar-akun-trading-gold-1.jpg]
[autotrade.id/wp-content/uploads/2020/10/cara-daftar-akun-trading-gold-2.jpg]
[autotrade.id/wp-content/uploads/2020/10/cara-daftar-akun-trading-gold-3.jpg]
[autotrade.id/daftar-akun-trading-gold/index.html]
[autotrade.id/wp-json/wp/v2/pages/505.json]
[autotrade.id/wp-json/oembed/1.0/embed8ab3.json]
[autotrade.id/wp-json/oembed/1.0/embed2483]
[autotrade.id/wp-content/et-cache/505/et-core-unified-tb-321-tb-378-505-16054529879689.min.css]
[autotrade.id/wp-content/et-cache/505/et-core-unified-505-16054529879689.min.css]
[autotrade.id/wp-content/uploads/2020/10/Langkah-membeli-bot-Autotrading-Gold-1.jpg]
[autotrade.id/wp-content/uploads/2020/10/Langkah-membeli-bot-Autotrading-Gold-2.jpg]
[autotrade.id/wp-content/uploads/2020/10/Langkah-membeli-bot-Autotrading-Gold-3.jpg]
[autotrade.id/wp-content/uploads/2020/10/Langkah-membeli-bot-Autotrading-Gold-4.jpg]
[autotrade.id/wp-content/uploads/2020/10/Langkah-membeli-bot-Autotrading-Gold-5.jpg]
[autotrade.id/cara-membeli-bot-trading-gold/index.html]
[autotrade.id/counter/css/bootstrap.min.css]
[autotrade.id/counter/css/fontawesome-all.css]
[autotrade.id/counter/css/line-awesome.min.css]
[autotrade.id/counter/css/owl.carousel.css]
[autotrade.id/counter/css/shortcodes.css]
[autotrade.id/counter/css/style.css]
[autotrade.id/counter/css/responsive.css]
[autotrade.id/counter/img/02.png]
[autotrade.id/counter/img/01.png]
[autotrade.id/counter/img/03.png]
[autotrade.id/counter/img/04.png]
[autotrade.id/counter/js/theme.js]
[autotrade.id/counter/js/jquery.smartmenus.js]
[autotrade.id/counter/js/owl.carousel.min.js]
[autotrade.id/counter/js/counter.js]
[autotrade.id/counter/js/theme-script.js]
[autotrade.id/counter/js/jquery.magnific-popup.min.js]
[autotrade.id/counter/index.html]
[autotrade.id/counter/js/wow.min.js]
[autotrade.id/wp-content/themes/Divi/core/admin/fonts/modules.svg]
[autotrade.id/index4c66.html]
[autotrade.id/wp-content/uploads/2020/10/bg-trading.jpg]
[autotrade.id/wp-content/et-cache/468/et-core-unified-tb-321-tb-378-468-16054525587763.min.css]
[autotrade.id/wp-content/et-cache/468/et-core-unified-468-16054525587763.min.css]
[autotrade.id/indexca96.html]
[autotrade.id/wp-content/et-cache/485/et-core-unified-tb-321-tb-378-485-16055605556948.min.css]
[autotrade.id/wp-content/et-cache/485/et-core-unified-485-16055605556948.min.css]
[autotrade.id/index0a18.html]
[autotrade.id/wp-content/et-cache/496/et-core-unified-tb-321-tb-378-496-16055978564446.min.css]
[autotrade.id/wp-content/et-cache/496/et-core-unified-496-16055978564446.min.css]
[autotrade.id/index9b9e.html]
[autotrade.id/wp-content/et-cache/505/et-core-unified-tb-321-tb-378-505-16054529879689.min.css]
[autotrade.id/wp-content/et-cache/505/et-core-unified-505-16054529879689.min.css]
[autotrade.id/counter/css/bootstrap.min.css]
[autotrade.id/counter/fonts/fa-brands-400.eot]
[autotrade.id/counter/fonts/fa-brands-400d41d.eot]
[autotrade.id/counter/fonts/fa-brands-400.woff2]
[autotrade.id/counter/fonts/fa-brands-400.woff]
[autotrade.id/counter/fonts/fa-brands-400.ttf]
[autotrade.id/counter/fonts/fa-brands-400.svg]
[autotrade.id/counter/fonts/fa-regular-400.eot]
[autotrade.id/counter/fonts/fa-regular-400d41d.eot]
[autotrade.id/counter/fonts/fa-regular-400.woff2]
[autotrade.id/counter/fonts/fa-regular-400.woff]
[autotrade.id/counter/fonts/fa-regular-400.ttf]
[autotrade.id/counter/fonts/fa-regular-400.svg]
[autotrade.id/counter/fonts/fa-solid-900.eot]
[autotrade.id/counter/fonts/fa-solid-900d41d.eot]
[autotrade.id/counter/fonts/fa-solid-900.woff2]
[autotrade.id/counter/fonts/fa-solid-900.woff]
[autotrade.id/counter/fonts/fa-solid-900.ttf]
[autotrade.id/counter/fonts/fa-solid-900.svg]
[autotrade.id/counter/css/fontawesome-all.css]
[autotrade.id/counter/fonts/la-brands-400.eot]
[autotrade.id/counter/fonts/la-brands-400d41d.eot]
[autotrade.id/counter/fonts/la-brands-400.woff2]
[autotrade.id/counter/fonts/la-brands-400.woff]
[autotrade.id/counter/fonts/la-brands-400.ttf]
[autotrade.id/counter/fonts/la-brands-400.svg]
[autotrade.id/counter/fonts/la-regular-400.eot]
[autotrade.id/counter/fonts/la-regular-400d41d.eot]
[autotrade.id/counter/fonts/la-regular-400.woff2]
[autotrade.id/counter/fonts/la-regular-400.woff]
[autotrade.id/counter/fonts/la-regular-400.ttf]
[autotrade.id/counter/fonts/la-regular-400.svg]
[autotrade.id/counter/fonts/la-solid-900.eot]
[autotrade.id/counter/fonts/la-solid-900d41d.eot]
[autotrade.id/counter/fonts/la-solid-900.woff2]
[autotrade.id/counter/fonts/la-solid-900.woff]
[autotrade.id/counter/fonts/la-solid-900.ttf]
[autotrade.id/counter/fonts/la-solid-900.svg]
[autotrade.id/counter/css/line-awesome.min.css]
[autotrade.id/counter/css/owl.video.play.png]
[autotrade.id/counter/css/owl.carousel.css]
[autotrade.id/counter/images/pattern/04.png]
[autotrade.id/counter/css/shortcodes.css]
[autotrade.id/counter/images/pattern/07.png]
[autotrade.id/counter/css/style.css]
[autotrade.id/counter/css/responsive.css]
[autotrade.id/counter/fonts/fa-brands-400.html]
[autotrade.id/counter/fonts/fa-brands-400d41d.html]
[autotrade.id/counter/fonts/fa-brands-401.html]
[autotrade.id/counter/fonts/fa-brands-402.html]
[autotrade.id/counter/fonts/fa-brands-403.html]
[autotrade.id/counter/fonts/fa-brands-404.html]
[autotrade.id/counter/fonts/fa-regular-400.html]
[autotrade.id/counter/fonts/fa-regular-400d41d.html]
[autotrade.id/counter/fonts/fa-regular-401.html]
[autotrade.id/counter/fonts/fa-regular-402.html]
[autotrade.id/counter/fonts/fa-regular-403.html]
[autotrade.id/counter/fonts/fa-regular-404.html]
[autotrade.id/counter/fonts/fa-solid-900.html]
[autotrade.id/counter/fonts/fa-solid-900d41d.html]
[autotrade.id/counter/fonts/fa-solid-901.html]
[autotrade.id/counter/fonts/fa-solid-902.html]
[autotrade.id/counter/fonts/fa-solid-903.html]
[autotrade.id/counter/fonts/fa-solid-904.html]
[autotrade.id/counter/fonts/la-brands-400.html]
[autotrade.id/counter/fonts/la-brands-400d41d.html]
[autotrade.id/counter/fonts/la-brands-401.html]
[autotrade.id/counter/fonts/la-brands-402.html]
[autotrade.id/counter/fonts/la-brands-403.html]
[autotrade.id/counter/fonts/la-brands-404.html]
[autotrade.id/counter/fonts/la-regular-400.html]
[autotrade.id/counter/fonts/la-regular-400d41d.html]
[autotrade.id/counter/fonts/la-regular-401.html]
[autotrade.id/counter/fonts/la-regular-402.html]
[autotrade.id/counter/fonts/la-regular-403.html]
[autotrade.id/counter/fonts/la-regular-404.html]
[autotrade.id/counter/fonts/la-solid-900.html]
[autotrade.id/counter/fonts/la-solid-900d41d.html]
[autotrade.id/counter/fonts/la-solid-901.html]
[autotrade.id/counter/fonts/la-solid-902.html]
[autotrade.id/counter/fonts/la-solid-903.html]
[autotrade.id/counter/fonts/la-solid-904.html]
[autotrade.id/counter/css/owl.video.play.html]
[autotrade.id/counter/images/pattern/04.html]
[autotrade.id/counter/images/pattern/07.html]
